Archive member included to satisfy reference by file (symbol)

c:/st/stm32cubeide_1.8.0/stm32cubeide/plugins/com.st.stm32cube.ide.mcu.externaltools.gnu-tools-for-stm32.10.3-2021.10.win32_1.0.0.202111181127/tools/bin/../lib/gcc/arm-none-eabi/10.3.1/../../../../arm-none-eabi/lib/thumb/v7e-m+fp/hard\libc_nano.a(lib_a-atoi.o)
                              ./Core/Src/azt.o (atoi)
c:/st/stm32cubeide_1.8.0/stm32cubeide/plugins/com.st.stm32cube.ide.mcu.externaltools.gnu-tools-for-stm32.10.3-2021.10.win32_1.0.0.202111181127/tools/bin/../lib/gcc/arm-none-eabi/10.3.1/../../../../arm-none-eabi/lib/thumb/v7e-m+fp/hard\libc_nano.a(lib_a-errno.o)
                              ./Core/Src/syscalls.o (__errno)
c:/st/stm32cubeide_1.8.0/stm32cubeide/plugins/com.st.stm32cube.ide.mcu.externaltools.gnu-tools-for-stm32.10.3-2021.10.win32_1.0.0.202111181127/tools/bin/../lib/gcc/arm-none-eabi/10.3.1/../../../../arm-none-eabi/lib/thumb/v7e-m+fp/hard\libc_nano.a(lib_a-exit.o)
                              c:/st/stm32cubeide_1.8.0/stm32cubeide/plugins/com.st.stm32cube.ide.mcu.externaltools.gnu-tools-for-stm32.10.3-2021.10.win32_1.0.0.202111181127/tools/bin/../lib/gcc/arm-none-eabi/10.3.1/../../../../arm-none-eabi/lib/thumb/v7e-m+fp/hard/crt0.o (exit)
c:/st/stm32cubeide_1.8.0/stm32cubeide/plugins/com.st.stm32cube.ide.mcu.externaltools.gnu-tools-for-stm32.10.3-2021.10.win32_1.0.0.202111181127/tools/bin/../lib/gcc/arm-none-eabi/10.3.1/../../../../arm-none-eabi/lib/thumb/v7e-m+fp/hard\libc_nano.a(lib_a-impure.o)
                              c:/st/stm32cubeide_1.8.0/stm32cubeide/plugins/com.st.stm32cube.ide.mcu.externaltools.gnu-tools-for-stm32.10.3-2021.10.win32_1.0.0.202111181127/tools/bin/../lib/gcc/arm-none-eabi/10.3.1/../../../../arm-none-eabi/lib/thumb/v7e-m+fp/hard\libc_nano.a(lib_a-exit.o) (_global_impure_ptr)
c:/st/stm32cubeide_1.8.0/stm32cubeide/plugins/com.st.stm32cube.ide.mcu.externaltools.gnu-tools-for-stm32.10.3-2021.10.win32_1.0.0.202111181127/tools/bin/../lib/gcc/arm-none-eabi/10.3.1/../../../../arm-none-eabi/lib/thumb/v7e-m+fp/hard\libc_nano.a(lib_a-init.o)
                              c:/st/stm32cubeide_1.8.0/stm32cubeide/plugins/com.st.stm32cube.ide.mcu.externaltools.gnu-tools-for-stm32.10.3-2021.10.win32_1.0.0.202111181127/tools/bin/../lib/gcc/arm-none-eabi/10.3.1/../../../../arm-none-eabi/lib/thumb/v7e-m+fp/hard/crt0.o (__libc_init_array)
c:/st/stm32cubeide_1.8.0/stm32cubeide/plugins/com.st.stm32cube.ide.mcu.externaltools.gnu-tools-for-stm32.10.3-2021.10.win32_1.0.0.202111181127/tools/bin/../lib/gcc/arm-none-eabi/10.3.1/../../../../arm-none-eabi/lib/thumb/v7e-m+fp/hard\libc_nano.a(lib_a-memset.o)
                              c:/st/stm32cubeide_1.8.0/stm32cubeide/plugins/com.st.stm32cube.ide.mcu.externaltools.gnu-tools-for-stm32.10.3-2021.10.win32_1.0.0.202111181127/tools/bin/../lib/gcc/arm-none-eabi/10.3.1/../../../../arm-none-eabi/lib/thumb/v7e-m+fp/hard/crt0.o (memset)
c:/st/stm32cubeide_1.8.0/stm32cubeide/plugins/com.st.stm32cube.ide.mcu.externaltools.gnu-tools-for-stm32.10.3-2021.10.win32_1.0.0.202111181127/tools/bin/../lib/gcc/arm-none-eabi/10.3.1/../../../../arm-none-eabi/lib/thumb/v7e-m+fp/hard\libc_nano.a(lib_a-sprintf.o)
                              ./Core/Src/serial.o (sprintf)
c:/st/stm32cubeide_1.8.0/stm32cubeide/plugins/com.st.stm32cube.ide.mcu.externaltools.gnu-tools-for-stm32.10.3-2021.10.win32_1.0.0.202111181127/tools/bin/../lib/gcc/arm-none-eabi/10.3.1/../../../../arm-none-eabi/lib/thumb/v7e-m+fp/hard\libc_nano.a(lib_a-strcmp.o)
                              ./Core/Src/azt.o (strcmp)
c:/st/stm32cubeide_1.8.0/stm32cubeide/plugins/com.st.stm32cube.ide.mcu.externaltools.gnu-tools-for-stm32.10.3-2021.10.win32_1.0.0.202111181127/tools/bin/../lib/gcc/arm-none-eabi/10.3.1/../../../../arm-none-eabi/lib/thumb/v7e-m+fp/hard\libc_nano.a(lib_a-strlen.o)
                              ./Core/Src/serial.o (strlen)
c:/st/stm32cubeide_1.8.0/stm32cubeide/plugins/com.st.stm32cube.ide.mcu.externaltools.gnu-tools-for-stm32.10.3-2021.10.win32_1.0.0.202111181127/tools/bin/../lib/gcc/arm-none-eabi/10.3.1/../../../../arm-none-eabi/lib/thumb/v7e-m+fp/hard\libc_nano.a(lib_a-strncpy.o)
                              ./Core/Src/azt.o (strncpy)
c:/st/stm32cubeide_1.8.0/stm32cubeide/plugins/com.st.stm32cube.ide.mcu.externaltools.gnu-tools-for-stm32.10.3-2021.10.win32_1.0.0.202111181127/tools/bin/../lib/gcc/arm-none-eabi/10.3.1/../../../../arm-none-eabi/lib/thumb/v7e-m+fp/hard\libc_nano.a(lib_a-strtol.o)
                              c:/st/stm32cubeide_1.8.0/stm32cubeide/plugins/com.st.stm32cube.ide.mcu.externaltools.gnu-tools-for-stm32.10.3-2021.10.win32_1.0.0.202111181127/tools/bin/../lib/gcc/arm-none-eabi/10.3.1/../../../../arm-none-eabi/lib/thumb/v7e-m+fp/hard\libc_nano.a(lib_a-atoi.o) (_strtol_r)
[...]
Memory Configuration

Name             Origin             Length             Attributes
RAM              0x0000000020000000 0x0000000000040000 xrw
FLASH            0x0000000008000000 0x0000000000080000 xr
*default*        0x0000000000000000 0xffffffffffffffff

Linker script and memory map

LOAD c:/st/stm32cubeide_1.8.0/stm32cubeide/plugins/com.st.stm32cube.ide.mcu.externaltools.gnu-tools-for-stm32.10.3-2021.10.win32_1.0.0.202111181127/tools/bin/../lib/gcc/arm-none-eabi/10.3.1/thumb/v7e-m+fp/hard/crti.o
LOAD c:/st/stm32cubeide_1.8.0/stm32cubeide/plugins/com.st.stm32cube.ide.mcu.externaltools.gnu-tools-for-stm32.10.3-2021.10.win32_1.0.0.202111181127/tools/bin/../lib/gcc/arm-none-eabi/10.3.1/thumb/v7e-m+fp/hard/crtbegin.o
LOAD c:/st/stm32cubeide_1.8.0/stm32cubeide/plugins/com.st.stm32cube.ide.mcu.externaltools.gnu-tools-for-stm32.10.3-2021.10.win32_1.0.0.202111181127/tools/bin/../lib/gcc/arm-none-eabi/10.3.1/../../../../arm-none-eabi/lib/thumb/v7e-m+fp/hard/crt0.o
LOAD ./Core/Src/azt.o
LOAD ./Core/Src/led.o
LOAD ./Core/Src/main.o
LOAD ./Core/Src/serial.o
LOAD ./Core/Src/stm32f7xx_hal_msp.o
LOAD ./Core/Src/stm32f7xx_it.o
LOAD ./Core/Src/syscalls.o
LOAD ./Core/Src/sysmem.o
LOAD ./Core/Src/system_stm32f7xx.o
LOAD ./Core/Startup/startup_stm32f723zetx.o
LOAD ./Drivers/STM32F7xx_HAL_Driver/Src/stm32f7xx_hal.o
LOAD ./Drivers/STM32F7xx_HAL_Driver/Src/stm32f7xx_hal_cortex.o
LOAD ./Drivers/STM32F7xx_HAL_Driver/Src/stm32f7xx_hal_dma.o
LOAD ./Drivers/STM32F7xx_HAL_Driver/Src/stm32f7xx_hal_dma_ex.o
LOAD ./Drivers/STM32F7xx_HAL_Driver/Src/stm32f7xx_hal_exti.o
LOAD ./Drivers/STM32F7xx_HAL_Driver/Src/stm32f7xx_hal_flash.o
LOAD ./Drivers/STM32F7xx_HAL_Driver/Src/stm32f7xx_hal_flash_ex.o
LOAD ./Drivers/STM32F7xx_HAL_Driver/Src/stm32f7xx_hal_gpio.o
LOAD ./Drivers/STM32F7xx_HAL_Driver/Src/stm32f7xx_hal_i2c.o
LOAD ./Drivers/STM32F7xx_HAL_Driver/Src/stm32f7xx_hal_i2c_ex.o
LOAD ./Drivers/STM32F7xx_HAL_Driver/Src/stm32f7xx_hal_pwr.o
LOAD ./Drivers/STM32F7xx_HAL_Driver/Src/stm32f7xx_hal_pwr_ex.o
LOAD ./Drivers/STM32F7xx_HAL_Driver/Src/stm32f7xx_hal_rcc.o
LOAD ./Drivers/STM32F7xx_HAL_Driver/Src/stm32f7xx_hal_rcc_ex.o
LOAD ./Drivers/STM32F7xx_HAL_Driver/Src/stm32f7xx_hal_tim.o
LOAD ./Drivers/STM32F7xx_HAL_Driver/Src/stm32f7xx_hal_tim_ex.o
LOAD ./Drivers/STM32F7xx_HAL_Driver/Src/stm32f7xx_hal_uart.o
LOAD ./Drivers/STM32F7xx_HAL_Driver/Src/stm32f7xx_hal_uart_ex.o
START GROUP
LOAD c:/st/stm32cubeide_1.8.0/stm32cubeide/plugins/com.st.stm32cube.ide.mcu.externaltools.gnu-tools-for-stm32.10.3-2021.10.win32_1.0.0.202111181127/tools/bin/../lib/gcc/arm-none-eabi/10.3.1/../../../../arm-none-eabi/lib/thumb/v7e-m+fp/hard\libc_nano.a
LOAD c:/st/stm32cubeide_1.8.0/stm32cubeide/plugins/com.st.stm32cube.ide.mcu.externaltools.gnu-tools-for-stm32.10.3-2021.10.win32_1.0.0.202111181127/tools/bin/../lib/gcc/arm-none-eabi/10.3.1/../../../../arm-none-eabi/lib/thumb/v7e-m+fp/hard\libm.a
END GROUP
START GROUP
LOAD c:/st/stm32cubeide_1.8.0/stm32cubeide/plugins/com.st.stm32cube.ide.mcu.externaltools.gnu-tools-for-stm32.10.3-2021.10.win32_1.0.0.202111181127/tools/bin/../lib/gcc/arm-none-eabi/10.3.1/thumb/v7e-m+fp/hard\libgcc.a
LOAD c:/st/stm32cubeide_1.8.0/stm32cubeide/plugins/com.st.stm32cube.ide.mcu.externaltools.gnu-tools-for-stm32.10.3-2021.10.win32_1.0.0.202111181127/tools/bin/../lib/gcc/arm-none-eabi/10.3.1/../../../../arm-none-eabi/lib/thumb/v7e-m+fp/hard\libc_nano.a
END GROUP
START GROUP
LOAD c:/st/stm32cubeide_1.8.0/stm32cubeide/plugins/com.st.stm32cube.ide.mcu.externaltools.gnu-tools-for-stm32.10.3-2021.10.win32_1.0.0.202111181127/tools/bin/../lib/gcc/arm-none-eabi/10.3.1/thumb/v7e-m+fp/hard\libgcc.a
LOAD c:/st/stm32cubeide_1.8.0/stm32cubeide/plugins/com.st.stm32cube.ide.mcu.externaltools.gnu-tools-for-stm32.10.3-2021.10.win32_1.0.0.202111181127/tools/bin/../lib/gcc/arm-none-eabi/10.3.1/../../../../arm-none-eabi/lib/thumb/v7e-m+fp/hard\libc_nano.a
LOAD c:/st/stm32cubeide_1.8.0/stm32cubeide/plugins/com.st.stm32cube.ide.mcu.externaltools.gnu-tools-for-stm32.10.3-2021.10.win32_1.0.0.202111181127/tools/bin/../lib/gcc/arm-none-eabi/10.3.1/../../../../arm-none-eabi/lib/thumb/v7e-m+fp/hard\libnosys.a
END GROUP
START GROUP
LOAD c:/st/stm32cubeide_1.8.0/stm32cubeide/plugins/com.st.stm32cube.ide.mcu.externaltools.gnu-tools-for-stm32.10.3-2021.10.win32_1.0.0.202111181127/tools/bin/../lib/gcc/arm-none-eabi/10.3.1/thumb/v7e-m+fp/hard\libgcc.a
LOAD c:/st/stm32cubeide_1.8.0/stm32cubeide/plugins/com.st.stm32cube.ide.mcu.externaltools.gnu-tools-for-stm32.10.3-2021.10.win32_1.0.0.202111181127/tools/bin/../lib/gcc/arm-none-eabi/10.3.1/../../../../arm-none-eabi/lib/thumb/v7e-m+fp/hard\libc_nano.a
LOAD c:/st/stm32cubeide_1.8.0/stm32cubeide/plugins/com.st.stm32cube.ide.mcu.externaltools.gnu-tools-for-stm32.10.3-2021.10.win32_1.0.0.202111181127/tools/bin/../lib/gcc/arm-none-eabi/10.3.1/../../../../arm-none-eabi/lib/thumb/v7e-m+fp/hard\libnosys.a
END GROUP
LOAD c:/st/stm32cubeide_1.8.0/stm32cubeide/plugins/com.st.stm32cube.ide.mcu.externaltools.gnu-tools-for-stm32.10.3-2021.10.win32_1.0.0.202111181127/tools/bin/../lib/gcc/arm-none-eabi/10.3.1/thumb/v7e-m+fp/hard/crtend.o
LOAD c:/st/stm32cubeide_1.8.0/stm32cubeide/plugins/com.st.stm32cube.ide.mcu.externaltools.gnu-tools-for-stm32.10.3-2021.10.win32_1.0.0.202111181127/tools/bin/../lib/gcc/arm-none-eabi/10.3.1/thumb/v7e-m+fp/hard/crtn.o
                0x0000000020040000                _estack = (ORIGIN (RAM) + LENGTH (RAM))
                0x0000000000000200                _Min_Heap_Size = 0x200
                0x0000000000000400                _Min_Stack_Size = 0x400

.isr_vector     0x0000000008000000      0x1e0
                0x0000000008000000                . = ALIGN (0x4)
 *(.isr_vector)
 .isr_vector    0x0000000008000000      0x1e0 ./Core/Startup/startup_stm32f723zetx.o
                0x0000000008000000                g_pfnVectors
                0x00000000080001e0                . = ALIGN (0x4)

.text           0x00000000080001e0     0x3e6c
                0x00000000080001e0                . = ALIGN (0x4)
 *(.text)
 .text          0x00000000080001e0       0x40 c:/st/stm32cubeide_1.8.0/stm32cubeide/plugins/com.st.stm32cube.ide.mcu.externaltools.gnu-tools-for-stm32.10.3-2021.10.win32_1.0.0.202111181127/tools/bin/../lib/gcc/arm-none-eabi/10.3.1/thumb/v7e-m+fp/hard/crtbegin.o
 .text          0x0000000008000220       0x14 c:/st/stm32cubeide_1.8.0/stm32cubeide/plugins/com.st.stm32cube.ide.mcu.externaltools.gnu-tools-for-stm32.10.3-2021.10.win32_1.0.0.202111181127/tools/bin/../lib/gcc/arm-none-eabi/10.3.1/../../../../arm-none-eabi/lib/thumb/v7e-m+fp/hard\libc_nano.a(lib_a-strcmp.o)
                0x0000000008000220                strcmp
 .text          0x0000000008000234       0x30 c:/st/stm32cubeide_1.8.0/stm32cubeide/plugins/com.st.stm32cube.ide.mcu.externaltools.gnu-tools-for-stm32.10.3-2021.10.win32_1.0.0.202111181127/tools/bin/../lib/gcc/arm-none-eabi/10.3.1/thumb/v7e-m+fp/hard\libgcc.a(_aeabi_uldivmod.o)
                0x0000000008000234                __aeabi_uldivmod
 .text          0x0000000008000264      0x2d0 c:/st/stm32cubeide_1.8.0/stm32cubeide/plugins/com.st.stm32cube.ide.mcu.externaltools.gnu-tools-for-stm32.10.3-2021.10.win32_1.0.0.202111181127/tools/bin/../lib/gcc/arm-none-eabi/10.3.1/thumb/v7e-m+fp/hard\libgcc.a(_udivmoddi4.o)
                0x0000000008000264                __udivmoddi4
 .text          0x0000000008000534        0x4 c:/st/stm32cubeide_1.8.0/stm32cubeide/plugins/com.st.stm32cube.ide.mcu.externaltools.gnu-tools-for-stm32.10.3-2021.10.win32_1.0.0.202111181127/tools/bin/../lib/gcc/arm-none-eabi/10.3.1/thumb/v7e-m+fp/hard\libgcc.a(_dvmd_tls.o)
                0x0000000008000534                __aeabi_idiv0
                0x0000000008000534                __aeabi_ldiv0
 *(.text*)
 .text.pin2hal  0x0000000008000538      0x230 ./Core/Src/azt.o
                0x0000000008000538                pin2hal
 .text.delay    0x0000000008000768       0x16 ./Core/Src/azt.o
                0x0000000008000768                delay
 .text.togglePin
                0x000000000800077e       0x28 ./Core/Src/azt.o
                0x000000000800077e                togglePin
 *fill*         0x00000000080007a6        0x2 
 .text.toggleLED
                0x00000000080007a8       0x20 ./Core/Src/led.o
                0x00000000080007a8                toggleLED
 .text.HAL_UART_TxHalfCpltCallback
                0x00000000080007c8       0x38 ./Core/Src/main.o
                0x00000000080007c8                HAL_UART_TxHalfCpltCallback
 .text.HAL_UART_TxCpltCallback
                0x0000000008000800       0x3c ./Core/Src/main.o
                0x0000000008000800                HAL_UART_TxCpltCallback
 .text.main     0x000000000800083c       0x70 ./Core/Src/main.o
                0x000000000800083c                main
 .text.SystemClock_Config
                0x00000000080008ac       0xd8 ./Core/Src/main.o
                0x00000000080008ac                SystemClock_Config
 .text.MX_USART3_UART_Init
                0x0000000008000984       0x60 ./Core/Src/main.o
 .text.MX_DMA_Init
                0x00000000080009e4       0x3c ./Core/Src/main.o
 .text.MX_GPIO_Init
                0x0000000008000a20       0x94 ./Core/Src/main.o
 .text.Error_Handler
                0x0000000008000ab4        0xa ./Core/Src/main.o
                0x0000000008000ab4                Error_Handler
 *fill*         0x0000000008000abe        0x2 
 .text.HAL_MspInit
                0x0000000008000ac0       0x48 ./Core/Src/stm32f7xx_hal_msp.o
                0x0000000008000ac0                HAL_MspInit
 .text.HAL_UART_MspInit
                0x0000000008000b08      0x134 ./Core/Src/stm32f7xx_hal_msp.o
                0x0000000008000b08                HAL_UART_MspInit
 .text.NMI_Handler
                0x0000000008000c3c        0x6 ./Core/Src/stm32f7xx_it.o
                0x0000000008000c3c                NMI_Handler
 .text.HardFault_Handler
                0x0000000008000c42        0x6 ./Core/Src/stm32f7xx_it.o
                0x0000000008000c42                HardFault_Handler
 .text.MemManage_Handler
                0x0000000008000c48        0x6 ./Core/Src/stm32f7xx_it.o
                0x0000000008000c48                MemManage_Handler
 .text.BusFault_Handler
                0x0000000008000c4e        0x6 ./Core/Src/stm32f7xx_it.o
                0x0000000008000c4e                BusFault_Handler
 .text.UsageFault_Handler
                0x0000000008000c54        0x6 ./Core/Src/stm32f7xx_it.o
                0x0000000008000c54                UsageFault_Handler
 .text.SVC_Handler
                0x0000000008000c5a        0xe ./Core/Src/stm32f7xx_it.o
                0x0000000008000c5a                SVC_Handler
 .text.DebugMon_Handler
                0x0000000008000c68        0xe ./Core/Src/stm32f7xx_it.o
                0x0000000008000c68                DebugMon_Handler
 .text.PendSV_Handler
                0x0000000008000c76        0xe ./Core/Src/stm32f7xx_it.o
                0x0000000008000c76                PendSV_Handler
 .text.SysTick_Handler
                0x0000000008000c84        0xc ./Core/Src/stm32f7xx_it.o
                0x0000000008000c84                SysTick_Handler
 .text.DMA1_Stream3_IRQHandler
                0x0000000008000c90       0x14 ./Core/Src/stm32f7xx_it.o
                0x0000000008000c90                DMA1_Stream3_IRQHandler
 .text.USART3_IRQHandler
                0x0000000008000ca4       0x14 ./Core/Src/stm32f7xx_it.o
                0x0000000008000ca4                USART3_IRQHandler
 .text.SystemInit
                0x0000000008000cb8       0x24 ./Core/Src/system_stm32f7xx.o
                0x0000000008000cb8                SystemInit
 .text.Reset_Handler
                0x0000000008000cdc       0x50 ./Core/Startup/startup_stm32f723zetx.o
                0x0000000008000cdc                Reset_Handler
 .text.Default_Handler
                0x0000000008000d2c        0x2 ./Core/Startup/startup_stm32f723zetx.o
                0x0000000008000d2c                RTC_Alarm_IRQHandler
                0x0000000008000d2c                EXTI2_IRQHandler
                0x0000000008000d2c                TIM8_CC_IRQHandler
                0x0000000008000d2c                UART8_IRQHandler
                0x0000000008000d2c                SPI4_IRQHandler
                0x0000000008000d2c                TIM1_CC_IRQHandler
                0x0000000008000d2c                DMA2_Stream5_IRQHandler
                0x0000000008000d2c                DMA1_Stream5_IRQHandler
                0x0000000008000d2c                PVD_IRQHandler
                0x0000000008000d2c                TAMP_STAMP_IRQHandler
                0x0000000008000d2c                EXTI3_IRQHandler
                0x0000000008000d2c                TIM8_TRG_COM_TIM14_IRQHandler
                0x0000000008000d2c                TIM1_UP_TIM10_IRQHandler
                0x0000000008000d2c                TIM8_UP_TIM13_IRQHandler
                0x0000000008000d2c                I2C3_ER_IRQHandler
                0x0000000008000d2c                EXTI0_IRQHandler
                0x0000000008000d2c                I2C2_EV_IRQHandler
                0x0000000008000d2c                DMA1_Stream2_IRQHandler
                0x0000000008000d2c                CAN1_RX0_IRQHandler
                0x0000000008000d2c                FPU_IRQHandler
                0x0000000008000d2c                OTG_HS_WKUP_IRQHandler
                0x0000000008000d2c                DMA2_Stream2_IRQHandler
                0x0000000008000d2c                SPI1_IRQHandler
                0x0000000008000d2c                TIM6_DAC_IRQHandler
                0x0000000008000d2c                TIM1_BRK_TIM9_IRQHandler
                0x0000000008000d2c                DMA2_Stream3_IRQHandler
                0x0000000008000d2c                SAI2_IRQHandler
                0x0000000008000d2c                USART6_IRQHandler
                0x0000000008000d2c                CAN1_RX1_IRQHandler
                0x0000000008000d2c                UART5_IRQHandler
                0x0000000008000d2c                DMA2_Stream0_IRQHandler
                0x0000000008000d2c                TIM4_IRQHandler
                0x0000000008000d2c                QUADSPI_IRQHandler
                0x0000000008000d2c                I2C1_EV_IRQHandler
                0x0000000008000d2c                DMA1_Stream6_IRQHandler
                0x0000000008000d2c                DMA1_Stream1_IRQHandler
                0x0000000008000d2c                UART4_IRQHandler
                0x0000000008000d2c                TIM3_IRQHandler
                0x0000000008000d2c                RCC_IRQHandler
                0x0000000008000d2c                TIM8_BRK_TIM12_IRQHandler
                0x0000000008000d2c                Default_Handler
                0x0000000008000d2c                EXTI15_10_IRQHandler
                0x0000000008000d2c                ADC_IRQHandler
                0x0000000008000d2c                DMA1_Stream7_IRQHandler
                0x0000000008000d2c                SPI5_IRQHandler
                0x0000000008000d2c                TIM7_IRQHandler
                0x0000000008000d2c                SDMMC1_IRQHandler
                0x0000000008000d2c                TIM5_IRQHandler
                0x0000000008000d2c                DMA2_Stream7_IRQHandler
                0x0000000008000d2c                I2C3_EV_IRQHandler
                0x0000000008000d2c                EXTI9_5_IRQHandler
                0x0000000008000d2c                RTC_WKUP_IRQHandler
                0x0000000008000d2c                SPI2_IRQHandler
                0x0000000008000d2c                OTG_HS_EP1_IN_IRQHandler
                0x0000000008000d2c                DMA1_Stream0_IRQHandler
                0x0000000008000d2c                CAN1_TX_IRQHandler
                0x0000000008000d2c                EXTI4_IRQHandler
                0x0000000008000d2c                RNG_IRQHandler
                0x0000000008000d2c                OTG_HS_EP1_OUT_IRQHandler
                0x0000000008000d2c                WWDG_IRQHandler
                0x0000000008000d2c                TIM2_IRQHandler
                0x0000000008000d2c                OTG_FS_WKUP_IRQHandler
                0x0000000008000d2c                TIM1_TRG_COM_TIM11_IRQHandler
                0x0000000008000d2c                OTG_HS_IRQHandler
                0x0000000008000d2c                EXTI1_IRQHandler
                0x0000000008000d2c                SDMMC2_IRQHandler
                0x0000000008000d2c                UART7_IRQHandler
                0x0000000008000d2c                USART2_IRQHandler
                0x0000000008000d2c                I2C2_ER_IRQHandler
                0x0000000008000d2c                DMA2_Stream1_IRQHandler
                0x0000000008000d2c                CAN1_SCE_IRQHandler
                0x0000000008000d2c                FLASH_IRQHandler
                0x0000000008000d2c                DMA2_Stream4_IRQHandler
                0x0000000008000d2c                USART1_IRQHandler
                0x0000000008000d2c                OTG_FS_IRQHandler
                0x0000000008000d2c                SPI3_IRQHandler
                0x0000000008000d2c                DMA1_Stream4_IRQHandler
                0x0000000008000d2c                I2C1_ER_IRQHandler
                0x0000000008000d2c                FMC_IRQHandler
                0x0000000008000d2c                LPTIM1_IRQHandler
                0x0000000008000d2c                DMA2_Stream6_IRQHandler
                0x0000000008000d2c                SAI1_IRQHandler
 .text.HAL_Init
                0x0000000008000d2e       0x1a ./Drivers/STM32F7xx_HAL_Driver/Src/stm32f7xx_hal.o
                0x0000000008000d2e                HAL_Init
 .text.HAL_InitTick
                0x0000000008000d48       0x60 ./Drivers/STM32F7xx_HAL_Driver/Src/stm32f7xx_hal.o
                0x0000000008000d48                HAL_InitTick
 .text.HAL_IncTick
                0x0000000008000da8       0x28 ./Drivers/STM32F7xx_HAL_Driver/Src/stm32f7xx_hal.o
                0x0000000008000da8                HAL_IncTick
 .text.HAL_GetTick
                0x0000000008000dd0       0x18 ./Drivers/STM32F7xx_HAL_Driver/Src/stm32f7xx_hal.o
                0x0000000008000dd0                HAL_GetTick
 .text.HAL_Delay
                0x0000000008000de8       0x48 ./Drivers/STM32F7xx_HAL_Driver/Src/stm32f7xx_hal.o
                0x0000000008000de8                HAL_Delay
 .text.__NVIC_SetPriorityGrouping
                0x0000000008000e30       0x48 ./Drivers/STM32F7xx_HAL_Driver/Src/stm32f7xx_hal_cortex.o
 .text.__NVIC_GetPriorityGrouping
                0x0000000008000e78       0x1c ./Drivers/STM32F7xx_HAL_Driver/Src/stm32f7xx_hal_cortex.o
 .text.__NVIC_EnableIRQ
                0x0000000008000e94       0x3c ./Drivers/STM32F7xx_HAL_Driver/Src/stm32f7xx_hal_cortex.o
 .text.__NVIC_SetPriority
                0x0000000008000ed0       0x54 ./Drivers/STM32F7xx_HAL_Driver/Src/stm32f7xx_hal_cortex.o
 .text.NVIC_EncodePriority
                0x0000000008000f24       0x66 ./Drivers/STM32F7xx_HAL_Driver/Src/stm32f7xx_hal_cortex.o
 *fill*         0x0000000008000f8a        0x2 
 .text.SysTick_Config
                0x0000000008000f8c       0x44 ./Drivers/STM32F7xx_HAL_Driver/Src/stm32f7xx_hal_cortex.o
 .text.HAL_NVIC_SetPriorityGrouping
                0x0000000008000fd0       0x16 ./Drivers/STM32F7xx_HAL_Driver/Src/stm32f7xx_hal_cortex.o
                0x0000000008000fd0                HAL_NVIC_SetPriorityGrouping
 .text.HAL_NVIC_SetPriority
                0x0000000008000fe6       0x38 ./Drivers/STM32F7xx_HAL_Driver/Src/stm32f7xx_hal_cortex.o
                0x0000000008000fe6                HAL_NVIC_SetPriority
 .text.HAL_NVIC_EnableIRQ
                0x000000000800101e       0x1c ./Drivers/STM32F7xx_HAL_Driver/Src/stm32f7xx_hal_cortex.o
                0x000000000800101e                HAL_NVIC_EnableIRQ
 .text.HAL_SYSTICK_Config
                0x000000000800103a       0x18 ./Drivers/STM32F7xx_HAL_Driver/Src/stm32f7xx_hal_cortex.o
                0x000000000800103a                HAL_SYSTICK_Config
 *fill*         0x0000000008001052        0x2 
 .text.HAL_DMA_Init
                0x0000000008001054      0x15c ./Drivers/STM32F7xx_HAL_Driver/Src/stm32f7xx_hal_dma.o
                0x0000000008001054                HAL_DMA_Init
 .text.HAL_DMA_Start_IT
                0x00000000080011b0       0xc0 ./Drivers/STM32F7xx_HAL_Driver/Src/stm32f7xx_hal_dma.o
                0x00000000080011b0                HAL_DMA_Start_IT
 .text.HAL_DMA_Abort
                0x0000000008001270       0xe0 ./Drivers/STM32F7xx_HAL_Driver/Src/stm32f7xx_hal_dma.o
                0x0000000008001270                HAL_DMA_Abort
 .text.HAL_DMA_Abort_IT
                0x0000000008001350       0x44 ./Drivers/STM32F7xx_HAL_Driver/Src/stm32f7xx_hal_dma.o
                0x0000000008001350                HAL_DMA_Abort_IT
 .text.HAL_DMA_IRQHandler
                0x0000000008001394      0x314 ./Drivers/STM32F7xx_HAL_Driver/Src/stm32f7xx_hal_dma.o
                0x0000000008001394                HAL_DMA_IRQHandler
 .text.DMA_SetConfig
                0x00000000080016a8       0x5c ./Drivers/STM32F7xx_HAL_Driver/Src/stm32f7xx_hal_dma.o
 .text.DMA_CalcBaseAndBitshift
                0x0000000008001704       0x6c ./Drivers/STM32F7xx_HAL_Driver/Src/stm32f7xx_hal_dma.o
 .text.DMA_CheckFifoParam
                0x0000000008001770       0xf8 ./Drivers/STM32F7xx_HAL_Driver/Src/stm32f7xx_hal_dma.o
 .text.HAL_GPIO_Init
                0x0000000008001868      0x338 ./Drivers/STM32F7xx_HAL_Driver/Src/stm32f7xx_hal_gpio.o
                0x0000000008001868                HAL_GPIO_Init
 .text.HAL_GPIO_WritePin
                0x0000000008001ba0       0x32 ./Drivers/STM32F7xx_HAL_Driver/Src/stm32f7xx_hal_gpio.o
                0x0000000008001ba0                HAL_GPIO_WritePin
 .text.HAL_GPIO_TogglePin
                0x0000000008001bd2       0x34 ./Drivers/STM32F7xx_HAL_Driver/Src/stm32f7xx_hal_gpio.o
                0x0000000008001bd2                HAL_GPIO_TogglePin
 *fill*         0x0000000008001c06        0x2 
 .text.HAL_PWREx_EnableOverDrive
                0x0000000008001c08       0xa0 ./Drivers/STM32F7xx_HAL_Driver/Src/stm32f7xx_hal_pwr_ex.o
                0x0000000008001c08                HAL_PWREx_EnableOverDrive
 .text.HAL_RCC_OscConfig
                0x0000000008001ca8      0x548 ./Drivers/STM32F7xx_HAL_Driver/Src/stm32f7xx_hal_rcc.o
                0x0000000008001ca8                HAL_RCC_OscConfig
 .text.HAL_RCC_ClockConfig
                0x00000000080021f0      0x1d8 ./Drivers/STM32F7xx_HAL_Driver/Src/stm32f7xx_hal_rcc.o
                0x00000000080021f0                HAL_RCC_ClockConfig
 .text.HAL_RCC_GetSysClockFreq
                0x00000000080023c8      0x18c ./Drivers/STM32F7xx_HAL_Driver/Src/stm32f7xx_hal_rcc.o
                0x00000000080023c8                HAL_RCC_GetSysClockFreq
 .text.HAL_RCC_GetHCLKFreq
                0x0000000008002554       0x18 ./Drivers/STM32F7xx_HAL_Driver/Src/stm32f7xx_hal_rcc.o
                0x0000000008002554                HAL_RCC_GetHCLKFreq
 .text.HAL_RCC_GetPCLK1Freq
                0x000000000800256c       0x28 ./Drivers/STM32F7xx_HAL_Driver/Src/stm32f7xx_hal_rcc.o
                0x000000000800256c                HAL_RCC_GetPCLK1Freq
 .text.HAL_RCC_GetPCLK2Freq
                0x0000000008002594       0x28 ./Drivers/STM32F7xx_HAL_Driver/Src/stm32f7xx_hal_rcc.o
                0x0000000008002594                HAL_RCC_GetPCLK2Freq
 .text.HAL_RCCEx_PeriphCLKConfig
                0x00000000080025bc      0x694 ./Drivers/STM32F7xx_HAL_Driver/Src/stm32f7xx_hal_rcc_ex.o
                0x00000000080025bc                HAL_RCCEx_PeriphCLKConfig
 .text.HAL_UART_Init
                0x0000000008002c50       0x9c ./Drivers/STM32F7xx_HAL_Driver/Src/stm32f7xx_hal_uart.o
                0x0000000008002c50                HAL_UART_Init
 .text.HAL_UART_Transmit_DMA
                0x0000000008002cec      0x120 ./Drivers/STM32F7xx_HAL_Driver/Src/stm32f7xx_hal_uart.o
                0x0000000008002cec                HAL_UART_Transmit_DMA
 .text.HAL_UART_IRQHandler
                0x0000000008002e0c      0x594 ./Drivers/STM32F7xx_HAL_Driver/Src/stm32f7xx_hal_uart.o
                0x0000000008002e0c                HAL_UART_IRQHandler
 .text.HAL_UART_ErrorCallback
                0x00000000080033a0       0x14 ./Drivers/STM32F7xx_HAL_Driver/Src/stm32f7xx_hal_uart.o
                0x00000000080033a0                HAL_UART_ErrorCallback
 .text.HAL_UARTEx_RxEventCallback
                0x00000000080033b4       0x18 ./Drivers/STM32F7xx_HAL_Driver/Src/stm32f7xx_hal_uart.o
                0x00000000080033b4                HAL_UARTEx_RxEventCallback
 .text.UART_SetConfig
                0x00000000080033cc      0x4c8 ./Drivers/STM32F7xx_HAL_Driver/Src/stm32f7xx_hal_uart.o
                0x00000000080033cc                UART_SetConfig
 .text.UART_AdvFeatureConfig
                0x0000000008003894      0x144 ./Drivers/STM32F7xx_HAL_Driver/Src/stm32f7xx_hal_uart.o
                0x0000000008003894                UART_AdvFeatureConfig
 .text.UART_CheckIdleState
                0x00000000080039d8       0x66 ./Drivers/STM32F7xx_HAL_Driver/Src/stm32f7xx_hal_uart.o
                0x00000000080039d8                UART_CheckIdleState
 .text.UART_WaitOnFlagUntilTimeout
                0x0000000008003a3e      0x188 ./Drivers/STM32F7xx_HAL_Driver/Src/stm32f7xx_hal_uart.o
                0x0000000008003a3e                UART_WaitOnFlagUntilTimeout
 .text.UART_EndTxTransfer
                0x0000000008003bc6       0x4c ./Drivers/STM32F7xx_HAL_Driver/Src/stm32f7xx_hal_uart.o
 .text.UART_EndRxTransfer
                0x0000000008003c12       0xc6 ./Drivers/STM32F7xx_HAL_Driver/Src/stm32f7xx_hal_uart.o
 .text.UART_DMATransmitCplt
                0x0000000008003cd8       0x96 ./Drivers/STM32F7xx_HAL_Driver/Src/stm32f7xx_hal_uart.o
 .text.UART_DMATxHalfCplt
                0x0000000008003d6e       0x1c ./Drivers/STM32F7xx_HAL_Driver/Src/stm32f7xx_hal_uart.o
 .text.UART_DMAError
                0x0000000008003d8a       0x7c ./Drivers/STM32F7xx_HAL_Driver/Src/stm32f7xx_hal_uart.o
 .text.UART_DMAAbortOnError
                0x0000000008003e06       0x2c ./Drivers/STM32F7xx_HAL_Driver/Src/stm32f7xx_hal_uart.o
 .text.UART_EndTransmit_IT
                0x0000000008003e32       0x54 ./Drivers/STM32F7xx_HAL_Driver/Src/stm32f7xx_hal_uart.o
 .text.atoi     0x0000000008003e86        0x8 c:/st/stm32cubeide_1.8.0/stm32cubeide/plugins/com.st.stm32cube.ide.mcu.externaltools.gnu-tools-for-stm32.10.3-2021.10.win32_1.0.0.202111181127/tools/bin/../lib/gcc/arm-none-eabi/10.3.1/../../../../arm-none-eabi/lib/thumb/v7e-m+fp/hard\libc_nano.a(lib_a-atoi.o)
                0x0000000008003e86                atoi
 *fill*         0x0000000008003e8e        0x2 
 .text.__errno  0x0000000008003e90        0xc c:/st/stm32cubeide_1.8.0/stm32cubeide/plugins/com.st.stm32cube.ide.mcu.externaltools.gnu-tools-for-stm32.10.3-2021.10.win32_1.0.0.202111181127/tools/bin/../lib/gcc/arm-none-eabi/10.3.1/../../../../arm-none-eabi/lib/thumb/v7e-m+fp/hard\libc_nano.a(lib_a-errno.o)
                0x0000000008003e90                __errno
 .text.__libc_init_array
                0x0000000008003e9c       0x48 c:/st/stm32cubeide_1.8.0/stm32cubeide/plugins/com.st.stm32cube.ide.mcu.externaltools.gnu-tools-for-stm32.10.3-2021.10.win32_1.0.0.202111181127/tools/bin/../lib/gcc/arm-none-eabi/10.3.1/../../../../arm-none-eabi/lib/thumb/v7e-m+fp/hard\libc_nano.a(lib_a-init.o)
                0x0000000008003e9c                __libc_init_array
 .text.memset   0x0000000008003ee4       0x10 c:/st/stm32cubeide_1.8.0/stm32cubeide/plugins/com.st.stm32cube.ide.mcu.externaltools.gnu-tools-for-stm32.10.3-2021.10.win32_1.0.0.202111181127/tools/bin/../lib/gcc/arm-none-eabi/10.3.1/../../../../arm-none-eabi/lib/thumb/v7e-m+fp/hard\libc_nano.a(lib_a-memset.o)
                0x0000000008003ee4                memset
 .text.strncpy  0x0000000008003ef4       0x26 c:/st/stm32cubeide_1.8.0/stm32cubeide/plugins/com.st.stm32cube.ide.mcu.externaltools.gnu-tools-for-stm32.10.3-2021.10.win32_1.0.0.202111181127/tools/bin/../lib/gcc/arm-none-eabi/10.3.1/../../../../arm-none-eabi/lib/thumb/v7e-m+fp/hard\libc_nano.a(lib_a-strncpy.o)
                0x0000000008003ef4                strncpy
 *fill*         0x0000000008003f1a        0x2 
 .text._strtol_l.constprop.0
                0x0000000008003f1c      0x104 c:/st/stm32cubeide_1.8.0/stm32cubeide/plugins/com.st.stm32cube.ide.mcu.externaltools.gnu-tools-for-stm32.10.3-2021.10.win32_1.0.0.202111181127/tools/bin/../lib/gcc/arm-none-eabi/10.3.1/../../../../arm-none-eabi/lib/thumb/v7e-m+fp/hard\libc_nano.a(lib_a-strtol.o)
 .text.strtol   0x0000000008004020       0x14 c:/st/stm32cubeide_1.8.0/stm32cubeide/plugins/com.st.stm32cube.ide.mcu.externaltools.gnu-tools-for-stm32.10.3-2021.10.win32_1.0.0.202111181127/tools/bin/../lib/gcc/arm-none-eabi/10.3.1/../../../../arm-none-eabi/lib/thumb/v7e-m+fp/hard\libc_nano.a(lib_a-strtol.o)
                0x0000000008004020                strtol
 *(.glue_7)
 .glue_7        0x0000000008004034        0x0 linker stubs
 *(.glue_7t)
 .glue_7t       0x0000000008004034        0x0 linker stubs
 *(.eh_frame)
 .eh_frame      0x0000000008004034        0x0 c:/st/stm32cubeide_1.8.0/stm32cubeide/plugins/com.st.stm32cube.ide.mcu.externaltools.gnu-tools-for-stm32.10.3-2021.10.win32_1.0.0.202111181127/tools/bin/../lib/gcc/arm-none-eabi/10.3.1/thumb/v7e-m+fp/hard/crtbegin.o
 *(.init)
 .init          0x0000000008004034        0x4 c:/st/stm32cubeide_1.8.0/stm32cubeide/plugins/com.st.stm32cube.ide.mcu.externaltools.gnu-tools-for-stm32.10.3-2021.10.win32_1.0.0.202111181127/tools/bin/../lib/gcc/arm-none-eabi/10.3.1/thumb/v7e-m+fp/hard/crti.o
                0x0000000008004034                _init
 .init          0x0000000008004038        0x8 c:/st/stm32cubeide_1.8.0/stm32cubeide/plugins/com.st.stm32cube.ide.mcu.externaltools.gnu-tools-for-stm32.10.3-2021.10.win32_1.0.0.202111181127/tools/bin/../lib/gcc/arm-none-eabi/10.3.1/thumb/v7e-m+fp/hard/crtn.o
 *(.fini)
 .fini          0x0000000008004040        0x4 c:/st/stm32cubeide_1.8.0/stm32cubeide/plugins/com.st.stm32cube.ide.mcu.externaltools.gnu-tools-for-stm32.10.3-2021.10.win32_1.0.0.202111181127/tools/bin/../lib/gcc/arm-none-eabi/10.3.1/thumb/v7e-m+fp/hard/crti.o
                0x0000000008004040                _fini
 .fini          0x0000000008004044        0x8 c:/st/stm32cubeide_1.8.0/stm32cubeide/plugins/com.st.stm32cube.ide.mcu.externaltools.gnu-tools-for-stm32.10.3-2021.10.win32_1.0.0.202111181127/tools/bin/../lib/gcc/arm-none-eabi/10.3.1/thumb/v7e-m+fp/hard/crtn.o
                0x000000000800404c                . = ALIGN (0x4)
                0x000000000800404c                _etext = .

.vfp11_veneer   0x000000000800404c        0x0
 .vfp11_veneer  0x000000000800404c        0x0 linker stubs

.v4_bx          0x000000000800404c        0x0
 .v4_bx         0x000000000800404c        0x0 linker stubs

.iplt           0x000000000800404c        0x0
 .iplt          0x000000000800404c        0x0 c:/st/stm32cubeide_1.8.0/stm32cubeide/plugins/com.st.stm32cube.ide.mcu.externaltools.gnu-tools-for-stm32.10.3-2021.10.win32_1.0.0.202111181127/tools/bin/../lib/gcc/arm-none-eabi/10.3.1/thumb/v7e-m+fp/hard/crtbegin.o

.rodata         0x000000000800404c      0x14c
                0x000000000800404c                . = ALIGN (0x4)
 *(.rodata)
 .rodata        0x000000000800404c       0x23 ./Core/Src/azt.o
 *fill*         0x000000000800406f        0x1 
 .rodata        0x0000000008004070        0x4 ./Core/Src/led.o
 *(.rodata*)
 .rodata.AHBPrescTable
                0x0000000008004074       0x10 ./Core/Src/system_stm32f7xx.o
                0x0000000008004074                AHBPrescTable
 .rodata.APBPrescTable
                0x0000000008004084        0x8 ./Core/Src/system_stm32f7xx.o
                0x0000000008004084                APBPrescTable
 .rodata.flagBitshiftOffset.0
                0x000000000800408c        0x8 ./Drivers/STM32F7xx_HAL_Driver/Src/stm32f7xx_hal_dma.o
 .rodata._ctype_
                0x0000000008004094      0x101 c:/st/stm32cubeide_1.8.0/stm32cubeide/plugins/com.st.stm32cube.ide.mcu.externaltools.gnu-tools-for-stm32.10.3-2021.10.win32_1.0.0.202111181127/tools/bin/../lib/gcc/arm-none-eabi/10.3.1/../../../../arm-none-eabi/lib/thumb/v7e-m+fp/hard\libc_nano.a(lib_a-ctype_.o)
                0x0000000008004094                _ctype_
                0x0000000008004198                . = ALIGN (0x4)
 *fill*         0x0000000008004195        0x3 

.ARM.extab      0x0000000008004198        0x0
                0x0000000008004198                . = ALIGN (0x4)
 *(.ARM.extab* .gnu.linkonce.armextab.*)
                0x0000000008004198                . = ALIGN (0x4)

.ARM            0x0000000008004198        0x8
                0x0000000008004198                . = ALIGN (0x4)
                0x0000000008004198                __exidx_start = .
 *(.ARM.exidx*)
 .ARM.exidx     0x0000000008004198        0x8 c:/st/stm32cubeide_1.8.0/stm32cubeide/plugins/com.st.stm32cube.ide.mcu.externaltools.gnu-tools-for-stm32.10.3-2021.10.win32_1.0.0.202111181127/tools/bin/../lib/gcc/arm-none-eabi/10.3.1/thumb/v7e-m+fp/hard\libgcc.a(_udivmoddi4.o)
                0x00000000080041a0                __exidx_end = .
                0x00000000080041a0                . = ALIGN (0x4)

.rel.dyn        0x00000000080041a0        0x0
 .rel.iplt      0x00000000080041a0        0x0 c:/st/stm32cubeide_1.8.0/stm32cubeide/plugins/com.st.stm32cube.ide.mcu.externaltools.gnu-tools-for-stm32.10.3-2021.10.win32_1.0.0.202111181127/tools/bin/../lib/gcc/arm-none-eabi/10.3.1/thumb/v7e-m+fp/hard/crtbegin.o

.preinit_array  0x00000000080041a0        0x0
                0x00000000080041a0                . = ALIGN (0x4)
                0x00000000080041a0                PROVIDE (__preinit_array_start = .)
 *(.preinit_array*)
                0x00000000080041a0                PROVIDE (__preinit_array_end = .)
                0x00000000080041a0                . = ALIGN (0x4)

.init_array     0x00000000080041a0        0x4
                0x00000000080041a0                . = ALIGN (0x4)
                0x00000000080041a0                PROVIDE (__init_array_start = .)
 *(SORT_BY_NAME(.init_array.*))
 *(.init_array*)
 .init_array    0x00000000080041a0        0x4 c:/st/stm32cubeide_1.8.0/stm32cubeide/plugins/com.st.stm32cube.ide.mcu.externaltools.gnu-tools-for-stm32.10.3-2021.10.win32_1.0.0.202111181127/tools/bin/../lib/gcc/arm-none-eabi/10.3.1/thumb/v7e-m+fp/hard/crtbegin.o
                0x00000000080041a4                PROVIDE (__init_array_end = .)
                0x00000000080041a4                . = ALIGN (0x4)

.fini_array     0x00000000080041a4        0x4
                0x00000000080041a4                . = ALIGN (0x4)
                [!provide]                        PROVIDE (__fini_array_start = .)
 *(SORT_BY_NAME(.fini_array.*))
 *(.fini_array*)
 .fini_array    0x00000000080041a4        0x4 c:/st/stm32cubeide_1.8.0/stm32cubeide/plugins/com.st.stm32cube.ide.mcu.externaltools.gnu-tools-for-stm32.10.3-2021.10.win32_1.0.0.202111181127/tools/bin/../lib/gcc/arm-none-eabi/10.3.1/thumb/v7e-m+fp/hard/crtbegin.o
                [!provide]                        PROVIDE (__fini_array_end = .)
                0x00000000080041a8                . = ALIGN (0x4)
                0x00000000080041a8                _sidata = LOADADDR (.data)

.data           0x0000000020000000       0x70 load address 0x00000000080041a8
                0x0000000020000000                . = ALIGN (0x4)
                0x0000000020000000                _sdata = .
 *(.data)
 *(.data*)
 .data.SystemCoreClock
                0x0000000020000000        0x4 ./Core/Src/system_stm32f7xx.o
                0x0000000020000000                SystemCoreClock
 .data.uwTickPrio
                0x0000000020000004        0x4 ./Drivers/STM32F7xx_HAL_Driver/Src/stm32f7xx_hal.o
                0x0000000020000004                uwTickPrio
 .data.uwTickFreq
                0x0000000020000008        0x1 ./Drivers/STM32F7xx_HAL_Driver/Src/stm32f7xx_hal.o
                0x0000000020000008                uwTickFreq
 *fill*         0x0000000020000009        0x3 
 .data._impure_ptr
                0x000000002000000c        0x4 c:/st/stm32cubeide_1.8.0/stm32cubeide/plugins/com.st.stm32cube.ide.mcu.externaltools.gnu-tools-for-stm32.10.3-2021.10.win32_1.0.0.202111181127/tools/bin/../lib/gcc/arm-none-eabi/10.3.1/../../../../arm-none-eabi/lib/thumb/v7e-m+fp/hard\libc_nano.a(lib_a-impure.o)
                0x000000002000000c                _impure_ptr
 .data.impure_data
                0x0000000020000010       0x60 c:/st/stm32cubeide_1.8.0/stm32cubeide/plugins/com.st.stm32cube.ide.mcu.externaltools.gnu-tools-for-stm32.10.3-2021.10.win32_1.0.0.202111181127/tools/bin/../lib/gcc/arm-none-eabi/10.3.1/../../../../arm-none-eabi/lib/thumb/v7e-m+fp/hard\libc_nano.a(lib_a-impure.o)
 *(.RamFunc)
 *(.RamFunc*)
                0x0000000020000070                . = ALIGN (0x4)
                0x0000000020000070                _edata = .

.igot.plt       0x0000000020000070        0x0 load address 0x0000000008004218
 .igot.plt      0x0000000020000070        0x0 c:/st/stm32cubeide_1.8.0/stm32cubeide/plugins/com.st.stm32cube.ide.mcu.externaltools.gnu-tools-for-stm32.10.3-2021.10.win32_1.0.0.202111181127/tools/bin/../lib/gcc/arm-none-eabi/10.3.1/thumb/v7e-m+fp/hard/crtbegin.o
                0x0000000020000070                . = ALIGN (0x4)

.bss            0x0000000020000070      0x8d8 load address 0x0000000008004218
                0x0000000020000070                _sbss = .
                0x0000000020000070                __bss_start__ = _sbss
 *(.bss)
 .bss           0x0000000020000070       0x1c c:/st/stm32cubeide_1.8.0/stm32cubeide/plugins/com.st.stm32cube.ide.mcu.externaltools.gnu-tools-for-stm32.10.3-2021.10.win32_1.0.0.202111181127/tools/bin/../lib/gcc/arm-none-eabi/10.3.1/thumb/v7e-m+fp/hard/crtbegin.o
 *(.bss*)
 .bss.huart3    0x000000002000008c       0x84 ./Core/Src/main.o
                0x000000002000008c                huart3
 .bss.hdma_usart3_tx
                0x0000000020000110       0x60 ./Core/Src/main.o
                0x0000000020000110                hdma_usart3_tx
 .bss.data      0x0000000020000170      0x7d0 ./Core/Src/main.o
                0x0000000020000170                data
 .bss.count     0x0000000020000940        0x1 ./Core/Src/main.o
                0x0000000020000940                count
 *fill*         0x0000000020000941        0x3 
 .bss.uwTick    0x0000000020000944        0x4 ./Drivers/STM32F7xx_HAL_Driver/Src/stm32f7xx_hal.o
                0x0000000020000944                uwTick
 *(COMMON)
                0x0000000020000948                . = ALIGN (0x4)
                0x0000000020000948                _ebss = .
                0x0000000020000948                __bss_end__ = _ebss

._user_heap_stack
                0x0000000020000948      0x600 load address 0x0000000008004218
                0x0000000020000948                . = ALIGN (0x8)
                [!provide]                        PROVIDE (end = .)
                0x0000000020000948                PROVIDE (_end = .)
                0x0000000020000b48                . = (. + _Min_Heap_Size)
 *fill*         0x0000000020000948      0x200 
                0x0000000020000f48                . = (. + _Min_Stack_Size)
 *fill*         0x0000000020000b48      0x400 
                0x0000000020000f48                . = ALIGN (0x8)

/DISCARD/
 libc.a(*)
 libm.a(*)
 libgcc.a(*)

.ARM.attributes
                0x0000000000000000       0x30
 *(.ARM.attributes)
 .ARM.attributes
                0x0000000000000000       0x1e c:/st/stm32cubeide_1.8.0/stm32cubeide/plugins/com.st.stm32cube.ide.mcu.externaltools.gnu-tools-for-stm32.10.3-2021.10.win32_1.0.0.202111181127/tools/bin/../lib/gcc/arm-none-eabi/10.3.1/thumb/v7e-m+fp/hard/crti.o
 .ARM.attributes
                0x000000000000001e       0x34 c:/st/stm32cubeide_1.8.0/stm32cubeide/plugins/com.st.stm32cube.ide.mcu.externaltools.gnu-tools-for-stm32.10.3-2021.10.win32_1.0.0.202111181127/tools/bin/../lib/gcc/arm-none-eabi/10.3.1/thumb/v7e-m+fp/hard/crtbegin.o
 .ARM.attributes
                0x0000000000000052       0x34 ./Core/Src/azt.o
 .ARM.attributes
                0x0000000000000086       0x34 ./Core/Src/led.o
 .ARM.attributes
                0x00000000000000ba       0x34 ./Core/Src/main.o
 .ARM.attributes
                0x00000000000000ee       0x34 ./Core/Src/stm32f7xx_hal_msp.o
 .ARM.attributes
                0x0000000000000122       0x34 ./Core/Src/stm32f7xx_it.o
 .ARM.attributes
                0x0000000000000156       0x34 ./Core/Src/system_stm32f7xx.o
 .ARM.attributes
                0x000000000000018a       0x21 ./Core/Startup/startup_stm32f723zetx.o
 .ARM.attributes
                0x00000000000001ab       0x34 ./Drivers/STM32F7xx_HAL_Driver/Src/stm32f7xx_hal.o
 .ARM.attributes
                0x00000000000001df       0x34 ./Drivers/STM32F7xx_HAL_Driver/Src/stm32f7xx_hal_cortex.o
 .ARM.attributes
                0x0000000000000213       0x34 ./Drivers/STM32F7xx_HAL_Driver/Src/stm32f7xx_hal_dma.o
 .ARM.attributes
                0x0000000000000247       0x34 ./Drivers/STM32F7xx_HAL_Driver/Src/stm32f7xx_hal_gpio.o
 .ARM.attributes
                0x000000000000027b       0x34 ./Drivers/STM32F7xx_HAL_Driver/Src/stm32f7xx_hal_pwr_ex.o
 .ARM.attributes
                0x00000000000002af       0x34 ./Drivers/STM32F7xx_HAL_Driver/Src/stm32f7xx_hal_rcc.o
 .ARM.attributes
                0x00000000000002e3       0x34 ./Drivers/STM32F7xx_HAL_Driver/Src/stm32f7xx_hal_rcc_ex.o
 .ARM.attributes
                0x0000000000000317       0x34 ./Drivers/STM32F7xx_HAL_Driver/Src/stm32f7xx_hal_uart.o
 .ARM.attributes
                0x000000000000034b       0x34 c:/st/stm32cubeide_1.8.0/stm32cubeide/plugins/com.st.stm32cube.ide.mcu.externaltools.gnu-tools-for-stm32.10.3-2021.10.win32_1.0.0.202111181127/tools/bin/../lib/gcc/arm-none-eabi/10.3.1/../../../../arm-none-eabi/lib/thumb/v7e-m+fp/hard\libc_nano.a(lib_a-atoi.o)
 .ARM.attributes
                0x000000000000037f       0x34 c:/st/stm32cubeide_1.8.0/stm32cubeide/plugins/com.st.stm32cube.ide.mcu.externaltools.gnu-tools-for-stm32.10.3-2021.10.win32_1.0.0.202111181127/tools/bin/../lib/gcc/arm-none-eabi/10.3.1/../../../../arm-none-eabi/lib/thumb/v7e-m+fp/hard\libc_nano.a(lib_a-errno.o)
 .ARM.attributes
                0x00000000000003b3       0x34 c:/st/stm32cubeide_1.8.0/stm32cubeide/plugins/com.st.stm32cube.ide.mcu.externaltools.gnu-tools-for-stm32.10.3-2021.10.win32_1.0.0.202111181127/tools/bin/../lib/gcc/arm-none-eabi/10.3.1/../../../../arm-none-eabi/lib/thumb/v7e-m+fp/hard\libc_nano.a(lib_a-impure.o)
 .ARM.attributes
                0x00000000000003e7       0x34 c:/st/stm32cubeide_1.8.0/stm32cubeide/plugins/com.st.stm32cube.ide.mcu.externaltools.gnu-tools-for-stm32.10.3-2021.10.win32_1.0.0.202111181127/tools/bin/../lib/gcc/arm-none-eabi/10.3.1/../../../../arm-none-eabi/lib/thumb/v7e-m+fp/hard\libc_nano.a(lib_a-init.o)
 .ARM.attributes
                0x000000000000041b       0x34 c:/st/stm32cubeide_1.8.0/stm32cubeide/plugins/com.st.stm32cube.ide.mcu.externaltools.gnu-tools-for-stm32.10.3-2021.10.win32_1.0.0.202111181127/tools/bin/../lib/gcc/arm-none-eabi/10.3.1/../../../../arm-none-eabi/lib/thumb/v7e-m+fp/hard\libc_nano.a(lib_a-memset.o)
 .ARM.attributes
                0x000000000000044f       0x1c c:/st/stm32cubeide_1.8.0/stm32cubeide/plugins/com.st.stm32cube.ide.mcu.externaltools.gnu-tools-for-stm32.10.3-2021.10.win32_1.0.0.202111181127/tools/bin/../lib/gcc/arm-none-eabi/10.3.1/../../../../arm-none-eabi/lib/thumb/v7e-m+fp/hard\libc_nano.a(lib_a-strcmp.o)
 .ARM.attributes
                0x000000000000046b       0x34 c:/st/stm32cubeide_1.8.0/stm32cubeide/plugins/com.st.stm32cube.ide.mcu.externaltools.gnu-tools-for-stm32.10.3-2021.10.win32_1.0.0.202111181127/tools/bin/../lib/gcc/arm-none-eabi/10.3.1/../../../../arm-none-eabi/lib/thumb/v7e-m+fp/hard\libc_nano.a(lib_a-strncpy.o)
 .ARM.attributes
                0x000000000000049f       0x34 c:/st/stm32cubeide_1.8.0/stm32cubeide/plugins/com.st.stm32cube.ide.mcu.externaltools.gnu-tools-for-stm32.10.3-2021.10.win32_1.0.0.202111181127/tools/bin/../lib/gcc/arm-none-eabi/10.3.1/../../../../arm-none-eabi/lib/thumb/v7e-m+fp/hard\libc_nano.a(lib_a-strtol.o)
 .ARM.attributes
                0x00000000000004d3       0x34 c:/st/stm32cubeide_1.8.0/stm32cubeide/plugins/com.st.stm32cube.ide.mcu.externaltools.gnu-tools-for-stm32.10.3-2021.10.win32_1.0.0.202111181127/tools/bin/../lib/gcc/arm-none-eabi/10.3.1/../../../../arm-none-eabi/lib/thumb/v7e-m+fp/hard\libc_nano.a(lib_a-ctype_.o)
 .ARM.attributes
                0x0000000000000507       0x1e c:/st/stm32cubeide_1.8.0/stm32cubeide/plugins/com.st.stm32cube.ide.mcu.externaltools.gnu-tools-for-stm32.10.3-2021.10.win32_1.0.0.202111181127/tools/bin/../lib/gcc/arm-none-eabi/10.3.1/thumb/v7e-m+fp/hard\libgcc.a(_aeabi_uldivmod.o)
 .ARM.attributes
                0x0000000000000525       0x34 c:/st/stm32cubeide_1.8.0/stm32cubeide/plugins/com.st.stm32cube.ide.mcu.externaltools.gnu-tools-for-stm32.10.3-2021.10.win32_1.0.0.202111181127/tools/bin/../lib/gcc/arm-none-eabi/10.3.1/thumb/v7e-m+fp/hard\libgcc.a(_udivmoddi4.o)
 .ARM.attributes
                0x0000000000000559       0x1e c:/st/stm32cubeide_1.8.0/stm32cubeide/plugins/com.st.stm32cube.ide.mcu.externaltools.gnu-tools-for-stm32.10.3-2021.10.win32_1.0.0.202111181127/tools/bin/../lib/gcc/arm-none-eabi/10.3.1/thumb/v7e-m+fp/hard\libgcc.a(_dvmd_tls.o)
 .ARM.attributes
                0x0000000000000577       0x1e c:/st/stm32cubeide_1.8.0/stm32cubeide/plugins/com.st.stm32cube.ide.mcu.externaltools.gnu-tools-for-stm32.10.3-2021.10.win32_1.0.0.202111181127/tools/bin/../lib/gcc/arm-none-eabi/10.3.1/thumb/v7e-m+fp/hard/crtn.o
OUTPUT(uart_tx.elf elf32-littlearm)
LOAD linker stubs
LOAD c:/st/stm32cubeide_1.8.0/stm32cubeide/plugins/com.st.stm32cube.ide.mcu.externaltools.gnu-tools-for-stm32.10.3-2021.10.win32_1.0.0.202111181127/tools/bin/../lib/gcc/arm-none-eabi/10.3.1/../../../../arm-none-eabi/lib/thumb/v7e-m+fp/hard\libc.a
LOAD c:/st/stm32cubeide_1.8.0/stm32cubeide/plugins/com.st.stm32cube.ide.mcu.externaltools.gnu-tools-for-stm32.10.3-2021.10.win32_1.0.0.202111181127/tools/bin/../lib/gcc/arm-none-eabi/10.3.1/../../../../arm-none-eabi/lib/thumb/v7e-m+fp/hard\libm.a
LOAD c:/st/stm32cubeide_1.8.0/stm32cubeide/plugins/com.st.stm32cube.ide.mcu.externaltools.gnu-tools-for-stm32.10.3-2021.10.win32_1.0.0.202111181127/tools/bin/../lib/gcc/arm-none-eabi/10.3.1/thumb/v7e-m+fp/hard\libgcc.a

.debug_info     0x0000000000000000     0xb5c0
 .debug_info    0x0000000000000000      0x3ee ./Core/Src/azt.o
 .debug_info    0x00000000000003ee       0xe1 ./Core/Src/led.o
 .debug_info    0x00000000000004cf     0x10f0 ./Core/Src/main.o
 .debug_info    0x00000000000015bf      0xfae ./Core/Src/stm32f7xx_hal_msp.o
 .debug_info    0x000000000000256d      0x782 ./Core/Src/stm32f7xx_it.o
 .debug_info    0x0000000000002cef      0x72c ./Core/Src/system_stm32f7xx.o
 .debug_info    0x000000000000341b       0x22 ./Core/Startup/startup_stm32f723zetx.o
 .debug_info    0x000000000000343d      0x9c4 ./Drivers/STM32F7xx_HAL_Driver/Src/stm32f7xx_hal.o
 .debug_info    0x0000000000003e01     0x1012 ./Drivers/STM32F7xx_HAL_Driver/Src/stm32f7xx_hal_cortex.o
 .debug_info    0x0000000000004e13      0x94f ./Drivers/STM32F7xx_HAL_Driver/Src/stm32f7xx_hal_dma.o
 .debug_info    0x0000000000005762      0x794 ./Drivers/STM32F7xx_HAL_Driver/Src/stm32f7xx_hal_gpio.o
 .debug_info    0x0000000000005ef6      0x92e ./Drivers/STM32F7xx_HAL_Driver/Src/stm32f7xx_hal_pwr_ex.o
 .debug_info    0x0000000000006824      0x9aa ./Drivers/STM32F7xx_HAL_Driver/Src/stm32f7xx_hal_rcc.o
 .debug_info    0x00000000000071ce      0x74f ./Drivers/STM32F7xx_HAL_Driver/Src/stm32f7xx_hal_rcc_ex.o
 .debug_info    0x000000000000791d     0x3ca3 ./Drivers/STM32F7xx_HAL_Driver/Src/stm32f7xx_hal_uart.o

.debug_abbrev   0x0000000000000000     0x1b92
 .debug_abbrev  0x0000000000000000      0x1aa ./Core/Src/azt.o
 .debug_abbrev  0x00000000000001aa       0x8c ./Core/Src/led.o
 .debug_abbrev  0x0000000000000236      0x2cb ./Core/Src/main.o
 .debug_abbrev  0x0000000000000501      0x1f6 ./Core/Src/stm32f7xx_hal_msp.o
 .debug_abbrev  0x00000000000006f7      0x166 ./Core/Src/stm32f7xx_it.o
 .debug_abbrev  0x000000000000085d      0x136 ./Core/Src/system_stm32f7xx.o
 .debug_abbrev  0x0000000000000993       0x12 ./Core/Startup/startup_stm32f723zetx.o
 .debug_abbrev  0x00000000000009a5      0x20d ./Drivers/STM32F7xx_HAL_Driver/Src/stm32f7xx_hal.o
 .debug_abbrev  0x0000000000000bb2      0x316 ./Drivers/STM32F7xx_HAL_Driver/Src/stm32f7xx_hal_cortex.o
 .debug_abbrev  0x0000000000000ec8      0x25b ./Drivers/STM32F7xx_HAL_Driver/Src/stm32f7xx_hal_dma.o
 .debug_abbrev  0x0000000000001123      0x1c4 ./Drivers/STM32F7xx_HAL_Driver/Src/stm32f7xx_hal_gpio.o
 .debug_abbrev  0x00000000000012e7      0x1cb ./Drivers/STM32F7xx_HAL_Driver/Src/stm32f7xx_hal_pwr_ex.o
 .debug_abbrev  0x00000000000014b2      0x27b ./Drivers/STM32F7xx_HAL_Driver/Src/stm32f7xx_hal_rcc.o
 .debug_abbrev  0x000000000000172d      0x197 ./Drivers/STM32F7xx_HAL_Driver/Src/stm32f7xx_hal_rcc_ex.o
 .debug_abbrev  0x00000000000018c4      0x2ce ./Drivers/STM32F7xx_HAL_Driver/Src/stm32f7xx_hal_uart.o

.debug_aranges  0x0000000000000000      0x828
 .debug_aranges
                0x0000000000000000       0x40 ./Core/Src/azt.o
 .debug_aranges
                0x0000000000000040       0x20 ./Core/Src/led.o
 .debug_aranges
                0x0000000000000060       0x58 ./Core/Src/main.o
 .debug_aranges
                0x00000000000000b8       0x30 ./Core/Src/stm32f7xx_hal_msp.o
 .debug_aranges
                0x00000000000000e8       0x70 ./Core/Src/stm32f7xx_it.o
 .debug_aranges
                0x0000000000000158       0x28 ./Core/Src/system_stm32f7xx.o
 .debug_aranges
                0x0000000000000180       0x28 ./Core/Startup/startup_stm32f723zetx.o
 .debug_aranges
                0x00000000000001a8      0x100 ./Drivers/STM32F7xx_HAL_Driver/Src/stm32f7xx_hal.o
 .debug_aranges
                0x00000000000002a8      0x118 ./Drivers/STM32F7xx_HAL_Driver/Src/stm32f7xx_hal_cortex.o
 .debug_aranges
                0x00000000000003c0       0x90 ./Drivers/STM32F7xx_HAL_Driver/Src/stm32f7xx_hal_dma.o
 .debug_aranges
                0x0000000000000450       0x58 ./Drivers/STM32F7xx_HAL_Driver/Src/stm32f7xx_hal_gpio.o
 .debug_aranges
                0x00000000000004a8       0x80 ./Drivers/STM32F7xx_HAL_Driver/Src/stm32f7xx_hal_pwr_ex.o
 .debug_aranges
                0x0000000000000528       0x88 ./Drivers/STM32F7xx_HAL_Driver/Src/stm32f7xx_hal_rcc.o
 .debug_aranges
                0x00000000000005b0       0x50 ./Drivers/STM32F7xx_HAL_Driver/Src/stm32f7xx_hal_rcc_ex.o
 .debug_aranges
                0x0000000000000600      0x228 ./Drivers/STM32F7xx_HAL_Driver/Src/stm32f7xx_hal_uart.o

.debug_ranges   0x0000000000000000      0x770
 .debug_ranges  0x0000000000000000       0x30 ./Core/Src/azt.o
 .debug_ranges  0x0000000000000030       0x10 ./Core/Src/led.o
 .debug_ranges  0x0000000000000040       0x48 ./Core/Src/main.o
 .debug_ranges  0x0000000000000088       0x20 ./Core/Src/stm32f7xx_hal_msp.o
 .debug_ranges  0x00000000000000a8       0x60 ./Core/Src/stm32f7xx_it.o
 .debug_ranges  0x0000000000000108       0x18 ./Core/Src/system_stm32f7xx.o
 .debug_ranges  0x0000000000000120       0x20 ./Core/Startup/startup_stm32f723zetx.o
 .debug_ranges  0x0000000000000140       0xf0 ./Drivers/STM32F7xx_HAL_Driver/Src/stm32f7xx_hal.o
 .debug_ranges  0x0000000000000230      0x108 ./Drivers/STM32F7xx_HAL_Driver/Src/stm32f7xx_hal_cortex.o
 .debug_ranges  0x0000000000000338       0x80 ./Drivers/STM32F7xx_HAL_Driver/Src/stm32f7xx_hal_dma.o
 .debug_ranges  0x00000000000003b8       0x48 ./Drivers/STM32F7xx_HAL_Driver/Src/stm32f7xx_hal_gpio.o
 .debug_ranges  0x0000000000000400       0x70 ./Drivers/STM32F7xx_HAL_Driver/Src/stm32f7xx_hal_pwr_ex.o
 .debug_ranges  0x0000000000000470       0x78 ./Drivers/STM32F7xx_HAL_Driver/Src/stm32f7xx_hal_rcc.o
 .debug_ranges  0x00000000000004e8       0x40 ./Drivers/STM32F7xx_HAL_Driver/Src/stm32f7xx_hal_rcc_ex.o
 .debug_ranges  0x0000000000000528      0x248 ./Drivers/STM32F7xx_HAL_Driver/Src/stm32f7xx_hal_uart.o

.debug_macro    0x0000000000000000    0x21f52
 .debug_macro   0x0000000000000000      0x2e8 ./Core/Src/azt.o
 .debug_macro   0x00000000000002e8      0xa78 ./Core/Src/azt.o
 .debug_macro   0x0000000000000d60       0x2e ./Core/Src/azt.o
 .debug_macro   0x0000000000000d8e      0x28d ./Core/Src/azt.o
 .debug_macro   0x000000000000101b       0x2e ./Core/Src/azt.o
 .debug_macro   0x0000000000001049       0x3b ./Core/Src/azt.o
 .debug_macro   0x0000000000001084       0x22 ./Core/Src/azt.o
 .debug_macro   0x00000000000010a6       0x8e ./Core/Src/azt.o
 .debug_macro   0x0000000000001134       0x51 ./Core/Src/azt.o
 .debug_macro   0x0000000000001185      0x103 ./Core/Src/azt.o
 .debug_macro   0x0000000000001288       0x6a ./Core/Src/azt.o
 .debug_macro   0x00000000000012f2      0x1df ./Core/Src/azt.o
 .debug_macro   0x00000000000014d1       0x1c ./Core/Src/azt.o
 .debug_macro   0x00000000000014ed       0x22 ./Core/Src/azt.o
 .debug_macro   0x000000000000150f       0xd9 ./Core/Src/azt.o
 .debug_macro   0x00000000000015e8     0x12cd ./Core/Src/azt.o
 .debug_macro   0x00000000000028b5      0x11f ./Core/Src/azt.o
 .debug_macro   0x00000000000029d4       0x19 ./Core/Src/azt.o
 .debug_macro   0x00000000000029ed    0x15e66 ./Core/Src/azt.o
 .debug_macro   0x0000000000018853       0x6d ./Core/Src/azt.o
 .debug_macro   0x00000000000188c0     0x3714 ./Core/Src/azt.o
 .debug_macro   0x000000000001bfd4      0x174 ./Core/Src/azt.o
 .debug_macro   0x000000000001c148       0x63 ./Core/Src/azt.o
 .debug_macro   0x000000000001c1ab     0x15b2 ./Core/Src/azt.o
 .debug_macro   0x000000000001d75d      0x6c4 ./Core/Src/azt.o
 .debug_macro   0x000000000001de21      0x17e ./Core/Src/azt.o
 .debug_macro   0x000000000001df9f      0x115 ./Core/Src/azt.o
 .debug_macro   0x000000000001e0b4      0x1d8 ./Core/Src/azt.o
 .debug_macro   0x000000000001e28c       0xa5 ./Core/Src/azt.o
 .debug_macro   0x000000000001e331      0x24f ./Core/Src/azt.o
 .debug_macro   0x000000000001e580       0x71 ./Core/Src/azt.o
 .debug_macro   0x000000000001e5f1       0x58 ./Core/Src/azt.o
 .debug_macro   0x000000000001e649      0x236 ./Core/Src/azt.o
 .debug_macro   0x000000000001e87f      0x154 ./Core/Src/azt.o
 .debug_macro   0x000000000001e9d3      0x2c3 ./Core/Src/azt.o
 .debug_macro   0x000000000001ec96       0x12 ./Core/Src/azt.o
 .debug_macro   0x000000000001eca8      0x22c ./Core/Src/azt.o
 .debug_macro   0x000000000001eed4       0x61 ./Core/Src/azt.o
 .debug_macro   0x000000000001ef35       0xa5 ./Core/Src/azt.o
 .debug_macro   0x000000000001efda      0x12e ./Core/Src/azt.o
 .debug_macro   0x000000000001f108      0x108 ./Core/Src/azt.o
 .debug_macro   0x000000000001f210       0x35 ./Core/Src/azt.o
 .debug_macro   0x000000000001f245      0x558 ./Core/Src/azt.o
 .debug_macro   0x000000000001f79d       0x44 ./Core/Src/azt.o
 .debug_macro   0x000000000001f7e1      0x14d ./Core/Src/azt.o
 .debug_macro   0x000000000001f92e       0x10 ./Core/Src/azt.o
 .debug_macro   0x000000000001f93e       0x52 ./Core/Src/azt.o
 .debug_macro   0x000000000001f990       0x1e ./Core/Src/azt.o
 .debug_macro   0x000000000001f9ae       0x3c ./Core/Src/azt.o
 .debug_macro   0x000000000001f9ea       0x34 ./Core/Src/azt.o
 .debug_macro   0x000000000001fa1e       0x16 ./Core/Src/azt.o
 .debug_macro   0x000000000001fa34       0x43 ./Core/Src/azt.o
 .debug_macro   0x000000000001fa77       0x34 ./Core/Src/azt.o
 .debug_macro   0x000000000001faab       0x10 ./Core/Src/azt.o
 .debug_macro   0x000000000001fabb       0x58 ./Core/Src/azt.o
 .debug_macro   0x000000000001fb13       0x71 ./Core/Src/azt.o
 .debug_macro   0x000000000001fb84       0x1c ./Core/Src/azt.o
 .debug_macro   0x000000000001fba0      0x12a ./Core/Src/azt.o
 .debug_macro   0x000000000001fcca      0x341 ./Core/Src/azt.o
 .debug_macro   0x000000000002000b       0x10 ./Core/Src/azt.o
 .debug_macro   0x000000000002001b       0x35 ./Core/Src/azt.o
 .debug_macro   0x0000000000020050       0x20 ./Core/Src/azt.o
 .debug_macro   0x0000000000020070       0x16 ./Core/Src/azt.o
 .debug_macro   0x0000000000020086       0x16 ./Core/Src/azt.o
 .debug_macro   0x000000000002009c       0x29 ./Core/Src/azt.o
 .debug_macro   0x00000000000200c5      0x2be ./Core/Src/led.o
 .debug_macro   0x0000000000020383      0x38d ./Core/Src/main.o
 .debug_macro   0x0000000000020710       0x1c ./Core/Src/main.o
 .debug_macro   0x000000000002072c       0x10 ./Core/Src/main.o
 .debug_macro   0x000000000002073c       0x10 ./Core/Src/main.o
 .debug_macro   0x000000000002074c       0x1c ./Core/Src/main.o
 .debug_macro   0x0000000000020768       0x52 ./Core/Src/main.o
 .debug_macro   0x00000000000207ba       0x22 ./Core/Src/main.o
 .debug_macro   0x00000000000207dc       0x10 ./Core/Src/main.o
 .debug_macro   0x00000000000207ec       0x52 ./Core/Src/main.o
 .debug_macro   0x000000000002083e       0xd5 ./Core/Src/main.o
 .debug_macro   0x0000000000020913       0x1c ./Core/Src/main.o
 .debug_macro   0x000000000002092f       0x3d ./Core/Src/main.o
 .debug_macro   0x000000000002096c       0x16 ./Core/Src/main.o
 .debug_macro   0x0000000000020982      0x145 ./Core/Src/main.o
 .debug_macro   0x0000000000020ac7      0x1dd ./Core/Src/stm32f7xx_hal_msp.o
 .debug_macro   0x0000000000020ca4      0x1e7 ./Core/Src/stm32f7xx_it.o
 .debug_macro   0x0000000000020e8b      0x1ce ./Core/Src/system_stm32f7xx.o
 .debug_macro   0x0000000000021059      0x1f2 ./Drivers/STM32F7xx_HAL_Driver/Src/stm32f7xx_hal.o
 .debug_macro   0x000000000002124b      0x1ce ./Drivers/STM32F7xx_HAL_Driver/Src/stm32f7xx_hal_cortex.o
 .debug_macro   0x0000000000021419      0x1d4 ./Drivers/STM32F7xx_HAL_Driver/Src/stm32f7xx_hal_dma.o
 .debug_macro   0x00000000000215ed      0x1d4 ./Drivers/STM32F7xx_HAL_Driver/Src/stm32f7xx_hal_gpio.o
 .debug_macro   0x00000000000217c1      0x1e6 ./Drivers/STM32F7xx_HAL_Driver/Src/stm32f7xx_hal_pwr_ex.o
 .debug_macro   0x00000000000219a7      0x1f2 ./Drivers/STM32F7xx_HAL_Driver/Src/stm32f7xx_hal_rcc.o
 .debug_macro   0x0000000000021b99      0x1ce ./Drivers/STM32F7xx_HAL_Driver/Src/stm32f7xx_hal_rcc_ex.o
 .debug_macro   0x0000000000021d67      0x1eb ./Drivers/STM32F7xx_HAL_Driver/Src/stm32f7xx_hal_uart.o

.debug_line     0x0000000000000000     0xb845
 .debug_line    0x0000000000000000      0x94c ./Core/Src/azt.o
 .debug_line    0x000000000000094c      0x811 ./Core/Src/led.o
 .debug_line    0x000000000000115d      0xa4f ./Core/Src/main.o
 .debug_line    0x0000000000001bac      0x73b ./Core/Src/stm32f7xx_hal_msp.o
 .debug_line    0x00000000000022e7      0x7a4 ./Core/Src/stm32f7xx_it.o
 .debug_line    0x0000000000002a8b      0x731 ./Core/Src/system_stm32f7xx.o
 .debug_line    0x00000000000031bc       0x88 ./Core/Startup/startup_stm32f723zetx.o
 .debug_line    0x0000000000003244      0x9c2 ./Drivers/STM32F7xx_HAL_Driver/Src/stm32f7xx_hal.o
 .debug_line    0x0000000000003c06      0xc48 ./Drivers/STM32F7xx_HAL_Driver/Src/stm32f7xx_hal_cortex.o
 .debug_line    0x000000000000484e      0xf11 ./Drivers/STM32F7xx_HAL_Driver/Src/stm32f7xx_hal_dma.o
 .debug_line    0x000000000000575f      0xb0e ./Drivers/STM32F7xx_HAL_Driver/Src/stm32f7xx_hal_gpio.o
 .debug_line    0x000000000000626d      0x937 ./Drivers/STM32F7xx_HAL_Driver/Src/stm32f7xx_hal_pwr_ex.o
 .debug_line    0x0000000000006ba4      0xe03 ./Drivers/STM32F7xx_HAL_Driver/Src/stm32f7xx_hal_rcc.o
 .debug_line    0x00000000000079a7      0xd12 ./Drivers/STM32F7xx_HAL_Driver/Src/stm32f7xx_hal_rcc_ex.o
 .debug_line    0x00000000000086b9     0x318c ./Drivers/STM32F7xx_HAL_Driver/Src/stm32f7xx_hal_uart.o

.debug_str      0x0000000000000000    0xd2b33
 .debug_str     0x0000000000000000    0xcefda ./Core/Src/azt.o
                                      0xcf6c5 (size before relaxing)
 .debug_str     0x00000000000cefda       0x28 ./Core/Src/led.o
                                      0xcf4d0 (size before relaxing)
 .debug_str     0x00000000000cf002     0x1cba ./Core/Src/main.o
                                      0xd1282 (size before relaxing)
 .debug_str     0x00000000000d0cbc      0x2f4 ./Core/Src/stm32f7xx_hal_msp.o
                                      0xcd505 (size before relaxing)
 .debug_str     0x00000000000d0fb0      0x11a ./Core/Src/stm32f7xx_it.o
                                      0xccbda (size before relaxing)
 .debug_str     0x00000000000d10ca      0x1a4 ./Core/Src/system_stm32f7xx.o
                                      0xcc8d5 (size before relaxing)
 .debug_str     0x00000000000d126e       0x36 ./Core/Startup/startup_stm32f723zetx.o
                                         0x62 (size before relaxing)
 .debug_str     0x00000000000d12a4      0x40c ./Drivers/STM32F7xx_HAL_Driver/Src/stm32f7xx_hal.o
                                      0xcd1ac (size before relaxing)
 .debug_str     0x00000000000d16b0      0x323 ./Drivers/STM32F7xx_HAL_Driver/Src/stm32f7xx_hal_cortex.o
                                      0xcd197 (size before relaxing)
 .debug_str     0x00000000000d19d3      0x2fe ./Drivers/STM32F7xx_HAL_Driver/Src/stm32f7xx_hal_dma.o
                                      0xccc14 (size before relaxing)
 .debug_str     0x00000000000d1cd1       0xe1 ./Drivers/STM32F7xx_HAL_Driver/Src/stm32f7xx_hal_gpio.o
                                      0xcc993 (size before relaxing)
 .debug_str     0x00000000000d1db2      0x1d1 ./Drivers/STM32F7xx_HAL_Driver/Src/stm32f7xx_hal_pwr_ex.o
                                      0xccb44 (size before relaxing)
 .debug_str     0x00000000000d1f83      0x259 ./Drivers/STM32F7xx_HAL_Driver/Src/stm32f7xx_hal_rcc.o
                                      0xccc3e (size before relaxing)
 .debug_str     0x00000000000d21dc      0x13f ./Drivers/STM32F7xx_HAL_Driver/Src/stm32f7xx_hal_rcc_ex.o
                                      0xccb6c (size before relaxing)
 .debug_str     0x00000000000d231b      0x818 ./Drivers/STM32F7xx_HAL_Driver/Src/stm32f7xx_hal_uart.o
                                      0xcd55c (size before relaxing)

.comment        0x0000000000000000       0x50
 .comment       0x0000000000000000       0x50 ./Core/Src/azt.o
                                         0x51 (size before relaxing)
 .comment       0x0000000000000050       0x51 ./Core/Src/led.o
 .comment       0x0000000000000050       0x51 ./Core/Src/main.o
 .comment       0x0000000000000050       0x51 ./Core/Src/stm32f7xx_hal_msp.o
 .comment       0x0000000000000050       0x51 ./Core/Src/stm32f7xx_it.o
 .comment       0x0000000000000050       0x51 ./Core/Src/system_stm32f7xx.o
 .comment       0x0000000000000050       0x51 ./Drivers/STM32F7xx_HAL_Driver/Src/stm32f7xx_hal.o
 .comment       0x0000000000000050       0x51 ./Drivers/STM32F7xx_HAL_Driver/Src/stm32f7xx_hal_cortex.o
 .comment       0x0000000000000050       0x51 ./Drivers/STM32F7xx_HAL_Driver/Src/stm32f7xx_hal_dma.o
 .comment       0x0000000000000050       0x51 ./Drivers/STM32F7xx_HAL_Driver/Src/stm32f7xx_hal_gpio.o
 .comment       0x0000000000000050       0x51 ./Drivers/STM32F7xx_HAL_Driver/Src/stm32f7xx_hal_pwr_ex.o
 .comment       0x0000000000000050       0x51 ./Drivers/STM32F7xx_HAL_Driver/Src/stm32f7xx_hal_rcc.o
 .comment       0x0000000000000050       0x51 ./Drivers/STM32F7xx_HAL_Driver/Src/stm32f7xx_hal_rcc_ex.o
 .comment       0x0000000000000050       0x51 ./Drivers/STM32F7xx_HAL_Driver/Src/stm32f7xx_hal_uart.o

.debug_frame    0x0000000000000000     0x2078
 .debug_frame   0x0000000000000000       0xc4 ./Core/Src/azt.o
 .debug_frame   0x00000000000000c4       0x34 ./Core/Src/led.o
 .debug_frame   0x00000000000000f8      0x11c ./Core/Src/main.o
 .debug_frame   0x0000000000000214       0x84 ./Core/Src/stm32f7xx_hal_msp.o
 .debug_frame   0x0000000000000298      0x13c ./Core/Src/stm32f7xx_it.o
 .debug_frame   0x00000000000003d4       0x58 ./Core/Src/system_stm32f7xx.o
 .debug_frame   0x000000000000042c      0x3b4 ./Drivers/STM32F7xx_HAL_Driver/Src/stm32f7xx_hal.o
 .debug_frame   0x00000000000007e0      0x498 ./Drivers/STM32F7xx_HAL_Driver/Src/stm32f7xx_hal_cortex.o
 .debug_frame   0x0000000000000c78      0x250 ./Drivers/STM32F7xx_HAL_Driver/Src/stm32f7xx_hal_dma.o
 .debug_frame   0x0000000000000ec8      0x14c ./Drivers/STM32F7xx_HAL_Driver/Src/stm32f7xx_hal_gpio.o
 .debug_frame   0x0000000000001014      0x1c8 ./Drivers/STM32F7xx_HAL_Driver/Src/stm32f7xx_hal_pwr_ex.o
 .debug_frame   0x00000000000011dc      0x1f8 ./Drivers/STM32F7xx_HAL_Driver/Src/stm32f7xx_hal_rcc.o
 .debug_frame   0x00000000000013d4      0x118 ./Drivers/STM32F7xx_HAL_Driver/Src/stm32f7xx_hal_rcc_ex.o
 .debug_frame   0x00000000000014ec      0x9e4 ./Drivers/STM32F7xx_HAL_Driver/Src/stm32f7xx_hal_uart.o
 .debug_frame   0x0000000000001ed0       0x30 c:/st/stm32cubeide_1.8.0/stm32cubeide/plugins/com.st.stm32cube.ide.mcu.externaltools.gnu-tools-for-stm32.10.3-2021.10.win32_1.0.0.202111181127/tools/bin/../lib/gcc/arm-none-eabi/10.3.1/../../../../arm-none-eabi/lib/thumb/v7e-m+fp/hard\libc_nano.a(lib_a-atoi.o)
 .debug_frame   0x0000000000001f00       0x20 c:/st/stm32cubeide_1.8.0/stm32cubeide/plugins/com.st.stm32cube.ide.mcu.externaltools.gnu-tools-for-stm32.10.3-2021.10.win32_1.0.0.202111181127/tools/bin/../lib/gcc/arm-none-eabi/10.3.1/../../../../arm-none-eabi/lib/thumb/v7e-m+fp/hard\libc_nano.a(lib_a-errno.o)
 .debug_frame   0x0000000000001f20       0x2c c:/st/stm32cubeide_1.8.0/stm32cubeide/plugins/com.st.stm32cube.ide.mcu.externaltools.gnu-tools-for-stm32.10.3-2021.10.win32_1.0.0.202111181127/tools/bin/../lib/gcc/arm-none-eabi/10.3.1/../../../../arm-none-eabi/lib/thumb/v7e-m+fp/hard\libc_nano.a(lib_a-init.o)
 .debug_frame   0x0000000000001f4c       0x20 c:/st/stm32cubeide_1.8.0/stm32cubeide/plugins/com.st.stm32cube.ide.mcu.externaltools.gnu-tools-for-stm32.10.3-2021.10.win32_1.0.0.202111181127/tools/bin/../lib/gcc/arm-none-eabi/10.3.1/../../../../arm-none-eabi/lib/thumb/v7e-m+fp/hard\libc_nano.a(lib_a-memset.o)
 .debug_frame   0x0000000000001f6c       0x20 c:/st/stm32cubeide_1.8.0/stm32cubeide/plugins/com.st.stm32cube.ide.mcu.externaltools.gnu-tools-for-stm32.10.3-2021.10.win32_1.0.0.202111181127/tools/bin/../lib/gcc/arm-none-eabi/10.3.1/../../../../arm-none-eabi/lib/thumb/v7e-m+fp/hard\libc_nano.a(lib_a-strcmp.o)
 .debug_frame   0x0000000000001f8c       0x28 c:/st/stm32cubeide_1.8.0/stm32cubeide/plugins/com.st.stm32cube.ide.mcu.externaltools.gnu-tools-for-stm32.10.3-2021.10.win32_1.0.0.202111181127/tools/bin/../lib/gcc/arm-none-eabi/10.3.1/../../../../arm-none-eabi/lib/thumb/v7e-m+fp/hard\libc_nano.a(lib_a-strncpy.o)
 .debug_frame   0x0000000000001fb4       0x64 c:/st/stm32cubeide_1.8.0/stm32cubeide/plugins/com.st.stm32cube.ide.mcu.externaltools.gnu-tools-for-stm32.10.3-2021.10.win32_1.0.0.202111181127/tools/bin/../lib/gcc/arm-none-eabi/10.3.1/../../../../arm-none-eabi/lib/thumb/v7e-m+fp/hard\libc_nano.a(lib_a-strtol.o)
 .debug_frame   0x0000000000002018       0x2c c:/st/stm32cubeide_1.8.0/stm32cubeide/plugins/com.st.stm32cube.ide.mcu.externaltools.gnu-tools-for-stm32.10.3-2021.10.win32_1.0.0.202111181127/tools/bin/../lib/gcc/arm-none-eabi/10.3.1/thumb/v7e-m+fp/hard\libgcc.a(_aeabi_uldivmod.o)
 .debug_frame   0x0000000000002044       0x34 c:/st/stm32cubeide_1.8.0/stm32cubeide/plugins/com.st.stm32cube.ide.mcu.externaltools.gnu-tools-for-stm32.10.3-2021.10.win32_1.0.0.202111181127/tools/bin/../lib/gcc/arm-none-eabi/10.3.1/thumb/v7e-m+fp/hard\libgcc.a(_udivmoddi4.o)
